
> natalaba@1.0.0 build
> vite build

node.exe : [33mThe CJS build of Vite's Node API 
is deprecated. See https://vite.dev/guide/troublesh
ooting.html#vite-cjs-node-api-deprecated for more 
details.[39m
At line:1 char:1
+ & "C:\Program Files\nodejs/node.exe" "C:\Program 
Files\nodejs/node_mo ...
+ ~~~~~~~~~~~~~~~~~~~~~~~~~~~~~~~~~~~~~~~~~~~~~~~~~
~~~~~~~~~~~~~~~~~~~~
    + CategoryInfo          : NotSpecified: ([33m 
   The CJS bu...e details.[39m:String) [], Remot  
  eException
    + FullyQualifiedErrorId : NativeCommandError
 
[36mvite v5.4.21 [32mbuilding for production...[36m[39m
transforming...
[32mΓ£ô[39m 3275 modules transformed.
[31mx[39m Build failed in 3.24s
[31merror during build:
[31m[vite:worker-import-meta-url] Could not 
resolve entry module 
"src/hooks/calculationWorker.ts".[31m
file: [36mD:/2. NATA_PROJECTAPP/PM_LABHA/MLPHoma/s
rc/hooks/useCalculationWorker.ts[31m
    at getRollupError (file:///D:/2.%20NATA_PROJECT
APP/PM_LABHA/MLPHoma/node_modules/rollup/dist/es/sh
ared/parseAst.js:401:41)
    at error (file:///D:/2.%20NATA_PROJECTAPP/PM_LA
BHA/MLPHoma/node_modules/rollup/dist/es/shared/pars
eAst.js:397:42)
    at ModuleLoader.loadEntryModule (file:///D:/2.%
20NATA_PROJECTAPP/PM_LABHA/MLPHoma/node_modules/rol
lup/dist/es/shared/node-entry.js:21611:20)
    at async Promise.all (index 0)[39m
